// Jest Snapshot v1, https://goo.gl/fbAQLP

exports[`UsageMetric should render 1`] = `
<div>
  <div>
    <h3
      class="text-secondary"
    >
      Page Views
    </h3>
    <div
      class="d-flex align-items-center"
    >
      <div
        class="sticker sticker-root sticker-static sticker-rounded sticker-dark"
      >
        <svg
          class="lexicon-icon lexicon-icon-faro-page-views icon-root"
          role="presentation"
        >
          <use
            href="#faro-page-views"
          />
        </svg>
      </div>
      <div
        class="m-2"
      >
        <span
          class="mr-2"
        >
          <h2
            class="m-0 d-inline"
          >
            0
          </h2>
           of 
          <span
            class="text-3 font-weight-semi-bold"
          >
            7,000,000
          </span>
        </span>
        <span
          class="text-3 text-secondary font-weight-semi-bold"
        >
          0% since Jul 08, 2018.
        </span>
        <div>
          <span
            class="text-3 text-muted font-weight-semi-bold"
          >
            Enterprise Plan 2,000,000 + 5,000,000 Add-On (1x)
          </span>
        </div>
      </div>
    </div>
    <div
      class="metric-bar-root"
    >
      <div
        class="bar bar-primary bar-default"
        style="width: 0%;"
      />
    </div>
    <div
      class="metric-definition text-secondary"
    >
      Non-unique visits to any of the pages synced to Analytics Cloud.
    </div>
  </div>
</div>
`;
